******************************************************************************
                  TI ARM Linker PC v20.2.7                     
******************************************************************************
>> Linked Thu Oct 10 20:28:30 2024

OUTPUT FILE NAME:   <Lab_7_data_Tx.out>
ENTRY POINT SYMBOL: "_c_int00_noargs"  address: 000005e9


MEMORY CONFIGURATION

         name            origin    length      used     unused   attr    fill
----------------------  --------  ---------  --------  --------  ----  --------
  FLASH                 00000000   00040000  0000068a  0003f976  R  X
  SRAM                  20000000   00008000  00000202  00007dfe  RW X


SEGMENT ALLOCATION MAP

run origin  load origin   length   init length attrs members
----------  ----------- ---------- ----------- ----- -------
00000000    00000000    00000690   00000690    r-x
  00000000    00000000    0000026c   0000026c    r-- .intvecs
  0000026c    0000026c    000003ee   000003ee    r-x .text
  00000660    00000660    00000030   00000030    r-- .cinit
20000000    20000000    00000202   00000000    rw-
  20000000    20000000    00000200   00000000    rw- .stack
  20000200    20000200    00000001   00000000    rw- .bss
  20000201    20000201    00000001   00000000    rw- .data


SECTION ALLOCATION MAP

 output                                  attributes/
section   page    origin      length       input sections
--------  ----  ----------  ----------   ----------------
.intvecs   0    00000000    0000026c     
                  00000000    0000026c     tm4c123gh6pm_startup_ccs.obj (.intvecs)

.text      0    0000026c    000003ee     
                  0000026c    00000234     main.obj (.text)
                  000004a0    0000009c     rtsv7M4_T_le_v4SPD16_eabi.lib : memcpy_t2.asm.obj (.text)
                  0000053c    00000068                                   : copy_decompress_lzss.c.obj (.text:decompress:lzss:__TI_decompress_lzss)
                  000005a4    00000044                                   : autoinit.c.obj (.text:__TI_auto_init_nobinit_nopinit:__TI_auto_init_nobinit_nopinit)
                  000005e8    00000034                                   : boot_cortex_m.c.obj (.text:_c_int00_noargs:_c_int00_noargs)
                  0000061c    0000001c                                   : copy_zero_init.c.obj (.text:decompress:ZI:__TI_zero_init_nomemset:__TI_zero_init_nomemset)
                  00000638    0000000e                                   : copy_decompress_none.c.obj (.text:decompress:none:__TI_decompress_none)
                  00000646    0000000c     tm4c123gh6pm_startup_ccs.obj (.text)
                  00000652    00000004     rtsv7M4_T_le_v4SPD16_eabi.lib : pre_init.c.obj (.text:_system_pre_init)
                  00000656    00000004                                   : exit.c.obj (.text:abort:abort)

.cinit     0    00000660    00000030     
                  00000660    0000000c     (__TI_handler_table)
                  0000066c    00000004     --HOLE-- [fill = 0]
                  00000670    00000008     (.cinit..bss.load) [load image, compression = zero_init]
                  00000678    00000005     (.cinit..data.load) [load image, compression = lzss]
                  0000067d    00000003     --HOLE-- [fill = 0]
                  00000680    00000010     (__TI_cinit_table)

.init_array 
*          0    00000000    00000000     UNINITIALIZED

.bss       0    20000200    00000001     UNINITIALIZED
                  20000200    00000001     (.common:receivedByte)

.data      0    20000201    00000001     UNINITIALIZED
                  20000201    00000001     main.obj (.data)

.stack     0    20000000    00000200     UNINITIALIZED
                  20000000    00000004     rtsv7M4_T_le_v4SPD16_eabi.lib : boot_cortex_m.c.obj (.stack)
                  20000004    000001fc     --HOLE--

__llvm_prf_cnts 
*          0    20000000    00000000     UNINITIALIZED

MODULE SUMMARY

       Module                         code   ro data   rw data
       ------                         ----   -------   -------
    .\
       tm4c123gh6pm_startup_ccs.obj   12     620       0      
       main.obj                       564    0         2      
    +--+------------------------------+------+---------+---------+
       Total:                         576    620       2      
                                                              
    C:\ti\ccs1271\ccs\tools\compiler\ti-cgt-arm_20.2.7.LTS\lib\rtsv7M4_T_le_v4SPD16_eabi.lib
       memcpy_t2.asm.obj              156    0         0      
       copy_decompress_lzss.c.obj     104    0         0      
       autoinit.c.obj                 68     0         0      
       boot_cortex_m.c.obj            52     0         0      
       copy_zero_init.c.obj           28     0         0      
       copy_decompress_none.c.obj     14     0         0      
       exit.c.obj                     4      0         0      
       pre_init.c.obj                 4      0         0      
    +--+------------------------------+------+---------+---------+
       Total:                         430    0         0      
                                                              
       Stack:                         0      0         512    
       Linker Generated:              0      41        0      
    +--+------------------------------+------+---------+---------+
       Grand Total:                   1006   661       514    


LINKER GENERATED COPY TABLES

__TI_cinit_table @ 00000680 records: 2, size/record: 8, table size: 16
	.bss: load addr=00000670, load size=00000008 bytes, run addr=20000200, run size=00000001 bytes, compression=zero_init
	.data: load addr=00000678, load size=00000005 bytes, run addr=20000201, run size=00000001 bytes, compression=lzss


LINKER GENERATED HANDLER TABLE

__TI_handler_table @ 00000660 records: 3, size/record: 4, table size: 12
	index: 0, handler: __TI_decompress_lzss
	index: 1, handler: __TI_decompress_none
	index: 2, handler: __TI_zero_init


GLOBAL SYMBOLS: SORTED ALPHABETICALLY BY Name 

address   name                          
-------   ----                          
00000657  C$$EXIT                       
0000029d  PortC_Initialisation          
0000026d  PortF_Initialisation          
00000647  ResetISR                      
00000315  UART3_ReceiveByte             
00000407  UART3_Transmit                
000002ed  Uart3_Initialisation          
0000032d  Uart3_Read                    
000003d7  Uart3_send                    
20000200  __STACK_END                   
00000200  __STACK_SIZE                  
20000200  __STACK_TOP                   
00000680  __TI_CINIT_Base               
00000690  __TI_CINIT_Limit              
00000660  __TI_Handler_Table_Base       
0000066c  __TI_Handler_Table_Limit      
000005a5  __TI_auto_init_nobinit_nopinit
0000053d  __TI_decompress_lzss          
00000639  __TI_decompress_none          
ffffffff  __TI_pprof_out_hndl           
ffffffff  __TI_prof_data_size           
ffffffff  __TI_prof_data_start          
00000000  __TI_static_base__            
0000061d  __TI_zero_init_nomemset       
000004a1  __aeabi_memcpy                
000004a1  __aeabi_memcpy4               
000004a1  __aeabi_memcpy8               
ffffffff  __binit__                     
ffffffff  __c_args__                    
UNDEFED   __mpu_init                    
20000000  __stack                       
20000000  __start___llvm_prf_cnts       
20000000  __stop___llvm_prf_cnts        
000005e9  _c_int00_noargs               
UNDEFED   _system_post_cinit            
00000653  _system_pre_init              
00000657  abort                         
ffffffff  binit                         
20000201  dataReceivedFlag              
00000000  g_pfnVectors                  
00000423  main                          
000004a1  memcpy                        
20000200  receivedByte                  


GLOBAL SYMBOLS: SORTED BY Symbol Address 

address   name                          
-------   ----                          
00000000  __TI_static_base__            
00000000  g_pfnVectors                  
00000200  __STACK_SIZE                  
0000026d  PortF_Initialisation          
0000029d  PortC_Initialisation          
000002ed  Uart3_Initialisation          
00000315  UART3_ReceiveByte             
0000032d  Uart3_Read                    
000003d7  Uart3_send                    
00000407  UART3_Transmit                
00000423  main                          
000004a1  __aeabi_memcpy                
000004a1  __aeabi_memcpy4               
000004a1  __aeabi_memcpy8               
000004a1  memcpy                        
0000053d  __TI_decompress_lzss          
000005a5  __TI_auto_init_nobinit_nopinit
000005e9  _c_int00_noargs               
0000061d  __TI_zero_init_nomemset       
00000639  __TI_decompress_none          
00000647  ResetISR                      
00000653  _system_pre_init              
00000657  C$$EXIT                       
00000657  abort                         
00000660  __TI_Handler_Table_Base       
0000066c  __TI_Handler_Table_Limit      
00000680  __TI_CINIT_Base               
00000690  __TI_CINIT_Limit              
20000000  __stack                       
20000000  __start___llvm_prf_cnts       
20000000  __stop___llvm_prf_cnts        
20000200  __STACK_END                   
20000200  __STACK_TOP                   
20000200  receivedByte                  
20000201  dataReceivedFlag              
ffffffff  __TI_pprof_out_hndl           
ffffffff  __TI_prof_data_size           
ffffffff  __TI_prof_data_start          
ffffffff  __binit__                     
ffffffff  __c_args__                    
ffffffff  binit                         
UNDEFED   __mpu_init                    
UNDEFED   _system_post_cinit            

[43 symbols]
